2023-06-29 17:43:21,807 INFO build_combined_normalized_csv(32) 198 sources selected to process
2023-06-29 17:43:31,856 INFO build_combined_normalized_csv(50) Source X-1 extract with 195 rows::: ILO_Extractor
2023-06-29 17:43:36,604 INFO build_combined_normalized_csv(50) Source X-2 extract with 195 rows::: ILO_Extractor
2023-06-29 17:43:36,774 INFO build_combined_normalized_csv(50) Source X-3 extract with 195 rows::: UnTreaties
2023-06-29 17:43:36,973 INFO build_combined_normalized_csv(50) Source X-4 extract with 195 rows::: UnTreaties
2023-06-29 17:43:41,364 INFO build_combined_normalized_csv(50) Source X-5 extract with 195 rows::: ILO_Extractor
2023-06-29 17:43:45,450 INFO build_combined_normalized_csv(50) Source X-6 extract with 195 rows::: ILO_Extractor
2023-06-29 17:43:50,038 INFO build_combined_normalized_csv(50) Source X-7 extract with 195 rows::: ILO_Extractor
2023-06-29 17:43:50,356 INFO build_combined_normalized_csv(50) Source X-15 extract with 962 rows::: DefaultJsonExtractor
2023-06-29 17:43:50,624 INFO build_combined_normalized_csv(50) Source X-16 extract with 962 rows::: DefaultJsonExtractor
2023-06-29 17:43:50,761 INFO build_combined_normalized_csv(50) Source X-17 extract with 383 rows::: DefaultJsonExtractor
2023-06-29 17:43:54,661 INFO build_combined_normalized_csv(50) Source X-18 extract with 195 rows::: ILO_Extractor
2023-06-29 17:43:57,910 INFO build_combined_normalized_csv(50) Source X-19 extract with 195 rows::: ILO_Extractor
2023-06-29 17:44:01,956 INFO build_combined_normalized_csv(50) Source X-20 extract with 195 rows::: ILO_Extractor
2023-06-29 17:44:05,470 INFO build_combined_normalized_csv(50) Source X-21 extract with 195 rows::: ILO_Extractor
2023-06-29 17:44:11,149 INFO build_combined_normalized_csv(50) Source X-22 extract with 195 rows::: ILO_Extractor
2023-06-29 17:44:15,231 INFO build_combined_normalized_csv(50) Source X-23 extract with 195 rows::: ILO_Extractor
2023-06-29 17:44:15,339 INFO build_combined_normalized_csv(50) Source X-24 extract with 195 rows::: UnTreaties
2023-06-29 17:44:19,642 INFO build_combined_normalized_csv(50) Source X-25 extract with 195 rows::: ILO_Extractor
2023-06-29 17:44:24,261 INFO build_combined_normalized_csv(50) Source X-26 extract with 195 rows::: ILO_Extractor
2023-06-29 17:44:28,752 INFO build_combined_normalized_csv(50) Source X-27 extract with 195 rows::: ILO_Extractor
2023-06-29 17:44:32,663 INFO build_combined_normalized_csv(50) Source X-28 extract with 195 rows::: ILO_Extractor
2023-06-29 17:44:32,901 INFO build_combined_normalized_csv(50) Source X-43 extract with 541 rows::: DefaultCSVExtractor
2023-06-29 17:44:33,559 INFO build_combined_normalized_csv(50) Source X-221 extract with 195 rows::: HumanEnteredBlueprintIndicatorBuilder
2023-06-29 17:44:33,713 INFO build_combined_normalized_csv(50) Source X-46 extract with 379 rows::: DefaultCSVExtractor
2023-06-29 17:44:33,872 INFO build_combined_normalized_csv(50) Source X-47 extract with 409 rows::: DefaultCSVExtractor
2023-06-29 17:44:38,379 INFO build_combined_normalized_csv(50) Source X-48 extract with 195 rows::: ILO_Extractor
2023-06-29 17:44:41,770 INFO build_combined_normalized_csv(50) Source X-49 extract with 195 rows::: ILO_Extractor
2023-06-29 17:44:42,078 INFO build_combined_normalized_csv(50) Source X-50 extract with 195 rows::: UnTreaties
2023-06-29 17:44:42,222 INFO build_combined_normalized_csv(50) Source X-52 extract with 195 rows::: DefaultJsonExtractor
2023-06-29 17:44:42,818 INFO build_combined_normalized_csv(50) Source X-53 extract with 1197 rows::: DefaultJsonExtractor
2023-06-29 17:44:42,954 INFO build_combined_normalized_csv(50) Source X-62 extract with 195 rows::: DefaultJsonExtractor
2023-06-29 17:44:43,072 INFO build_combined_normalized_csv(50) Source X-63 extract with 313 rows::: DefaultJsonExtractor
2023-06-29 17:44:43,239 INFO build_combined_normalized_csv(50) Source X-65 extract with 313 rows::: DefaultJsonExtractor
2023-06-29 17:44:43,387 INFO build_combined_normalized_csv(50) Source X-66 extract with 266 rows::: DefaultJsonExtractor
2023-06-29 17:44:43,505 INFO build_combined_normalized_csv(50) Source X-67 extract with 266 rows::: DefaultJsonExtractor
2023-06-29 17:44:43,562 INFO build_combined_normalized_csv(50) Source X-68 extract with 195 rows::: DefaultCSVExtractor
2023-06-29 17:44:43,606 INFO build_combined_normalized_csv(50) Source X-69 extract with 195 rows::: DefaultCSVExtractor
2023-06-29 17:44:43,651 INFO build_combined_normalized_csv(50) Source X-70 extract with 195 rows::: DefaultCSVExtractor
2023-06-29 17:44:43,694 INFO build_combined_normalized_csv(50) Source X-71 extract with 195 rows::: DefaultCSVExtractor
2023-06-29 17:44:43,900 INFO build_combined_normalized_csv(50) Source X-72 extract with 195 rows::: UnTreaties
2023-06-29 17:44:43,962 INFO build_combined_normalized_csv(50) Source X-74 extract with 195 rows::: DefaultCSVExtractor
2023-06-29 17:44:44,017 INFO build_combined_normalized_csv(50) Source X-76 extract with 195 rows::: DefaultCSVExtractor
2023-06-29 17:44:44,076 INFO build_combined_normalized_csv(50) Source X-77 extract with 195 rows::: DefaultCSVExtractor
2023-06-29 17:44:44,178 INFO build_combined_normalized_csv(50) Source X-78 extract with 579 rows::: DefaultCSVExtractor
2023-06-29 17:44:44,273 INFO build_combined_normalized_csv(50) Source X-79 extract with 579 rows::: DefaultCSVExtractor
2023-06-29 17:44:44,346 INFO build_combined_normalized_csv(50) Source X-80 extract with 195 rows::: DefaultCSVExtractor
2023-06-29 17:44:44,471 INFO build_combined_normalized_csv(50) Source X-81 extract with 195 rows::: HumanEnteredBlueprintIndicatorBuilder
2023-06-29 17:44:44,568 INFO build_combined_normalized_csv(50) Source X-82 extract with 461 rows::: DefaultCSVExtractor
2023-06-29 17:44:44,653 INFO build_combined_normalized_csv(50) Source X-83 extract with 331 rows::: DefaultCSVExtractor
2023-06-29 17:44:44,843 INFO build_combined_normalized_csv(50) Source X-84 extract with 195 rows::: DefaultCSVExtractor
2023-06-29 17:44:45,801 INFO build_combined_normalized_csv(50) Source X-85 extract with 1699 rows::: DefaultCSVExtractor
2023-06-29 17:44:45,891 INFO build_combined_normalized_csv(50) Source X-86 extract with 195 rows::: GlobalHealthObservatory
2023-06-29 17:44:45,956 INFO build_combined_normalized_csv(50) Source X-87 extract with 195 rows::: GlobalHealthObservatory
2023-06-29 17:44:46,068 INFO build_combined_normalized_csv(50) Source X-88 extract with 195 rows::: UnTreaties
2023-06-29 17:44:46,205 INFO build_combined_normalized_csv(50) Source X-89 extract with 195 rows::: HumanEnteredBlueprintIndicatorBuilder
2023-06-29 17:44:46,307 INFO build_combined_normalized_csv(50) Source X-90 extract with 195 rows::: HumanEnteredBlueprintIndicatorBuilder
2023-06-29 17:44:46,499 INFO build_combined_normalized_csv(50) Source X-91 extract with 561 rows::: DefaultCSVExtractor
2023-06-29 17:44:46,684 INFO build_combined_normalized_csv(50) Source X-92 extract with 195 rows::: UnTreaties
2023-06-29 17:44:46,771 INFO build_combined_normalized_csv(50) Source X-93 extract with 195 rows::: HumanEnteredBlueprintIndicatorBuilder
2023-06-29 17:44:46,911 INFO build_combined_normalized_csv(50) Source X-98 extract with 195 rows::: HumanEnteredBlueprintIndicatorBuilder
2023-06-29 17:44:47,071 INFO build_combined_normalized_csv(50) Source X-99 extract with 195 rows::: HumanEnteredBlueprintIndicatorBuilder
2023-06-29 17:44:47,204 INFO build_combined_normalized_csv(50) Source X-102 extract with 207 rows::: DefaultJsonExtractor
2023-06-29 17:44:47,353 INFO build_combined_normalized_csv(50) Source X-103 extract with 444 rows::: DefaultCSVExtractor
2023-06-29 17:44:47,489 INFO build_combined_normalized_csv(50) Source X-108 extract with 195 rows::: DefaultJsonExtractor
2023-06-29 17:44:47,604 INFO build_combined_normalized_csv(50) Source X-109 extract with 195 rows::: DefaultJsonExtractor
2023-06-29 17:44:47,742 INFO build_combined_normalized_csv(50) Source X-110 extract with 195 rows::: DefaultJsonExtractor
2023-06-29 17:44:47,855 INFO build_combined_normalized_csv(50) Source X-111 extract with 195 rows::: DefaultJsonExtractor
2023-06-29 17:44:47,973 INFO build_combined_normalized_csv(50) Source X-112 extract with 195 rows::: DefaultJsonExtractor
2023-06-29 17:44:48,105 INFO build_combined_normalized_csv(50) Source X-113 extract with 195 rows::: DefaultJsonExtractor
2023-06-29 17:44:48,908 WARNING build_combined_normalized_csv(57) Source X-114 failed to extract cause of: Remote end closed connection without response
Traceback (most recent call last):
  File "D:\Documents\2023\7_UNICEF\major-dax-crba-etl\crba-etl\etl\source_adapter\abstract.py", line 90, in build
    self.download().transform()
  File "D:\Documents\2023\7_UNICEF\major-dax-crba-etl\crba-etl\etl\source_adapter\abstract.py", line 109, in download
    self.dataframe = self._download()
  File "D:\Documents\2023\7_UNICEF\major-dax-crba-etl\crba-etl\etl\source_adapter\crin.py", line 18, in _download
    self.dataframe = pd.read_excel(
  File "C:\Users\info\AppData\Local\pypoetry\Cache\virtualenvs\crba-project-X5cC0BGD-py3.10\lib\site-packages\pandas\util\_decorators.py", line 211, in wrapper
    return func(*args, **kwargs)
  File "C:\Users\info\AppData\Local\pypoetry\Cache\virtualenvs\crba-project-X5cC0BGD-py3.10\lib\site-packages\pandas\util\_decorators.py", line 331, in wrapper
    return func(*args, **kwargs)
  File "C:\Users\info\AppData\Local\pypoetry\Cache\virtualenvs\crba-project-X5cC0BGD-py3.10\lib\site-packages\pandas\io\excel\_base.py", line 482, in read_excel
    io = ExcelFile(io, storage_options=storage_options, engine=engine)
  File "C:\Users\info\AppData\Local\pypoetry\Cache\virtualenvs\crba-project-X5cC0BGD-py3.10\lib\site-packages\pandas\io\excel\_base.py", line 1695, in __init__
    self._reader = self._engines[engine](self._io, storage_options=storage_options)
  File "C:\Users\info\AppData\Local\pypoetry\Cache\virtualenvs\crba-project-X5cC0BGD-py3.10\lib\site-packages\pandas\io\excel\_xlrd.py", line 35, in __init__
    super().__init__(filepath_or_buffer, storage_options=storage_options)
  File "C:\Users\info\AppData\Local\pypoetry\Cache\virtualenvs\crba-project-X5cC0BGD-py3.10\lib\site-packages\pandas\io\excel\_base.py", line 535, in __init__
    self.handles = get_handle(
  File "C:\Users\info\AppData\Local\pypoetry\Cache\virtualenvs\crba-project-X5cC0BGD-py3.10\lib\site-packages\pandas\io\common.py", line 713, in get_handle
    ioargs = _get_filepath_or_buffer(
  File "C:\Users\info\AppData\Local\pypoetry\Cache\virtualenvs\crba-project-X5cC0BGD-py3.10\lib\site-packages\pandas\io\common.py", line 363, in _get_filepath_or_buffer
    with urlopen(req_info) as req:
  File "C:\Users\info\AppData\Local\pypoetry\Cache\virtualenvs\crba-project-X5cC0BGD-py3.10\lib\site-packages\pandas\io\common.py", line 265, in urlopen
    return urllib.request.urlopen(*args, **kwargs)
  File "C:\Users\info\AppData\Local\Programs\Python\Python310\lib\urllib\request.py", line 216, in urlopen
    return opener.open(url, data, timeout)
  File "C:\Users\info\AppData\Local\Programs\Python\Python310\lib\urllib\request.py", line 519, in open
    response = self._open(req, data)
  File "C:\Users\info\AppData\Local\Programs\Python\Python310\lib\urllib\request.py", line 536, in _open
    result = self._call_chain(self.handle_open, protocol, protocol +
  File "C:\Users\info\AppData\Local\Programs\Python\Python310\lib\urllib\request.py", line 496, in _call_chain
    result = func(*args)
  File "C:\Users\info\AppData\Local\Programs\Python\Python310\lib\urllib\request.py", line 1391, in https_open
    return self.do_open(http.client.HTTPSConnection, req,
  File "C:\Users\info\AppData\Local\Programs\Python\Python310\lib\urllib\request.py", line 1352, in do_open
    r = h.getresponse()
  File "C:\Users\info\AppData\Local\Programs\Python\Python310\lib\http\client.py", line 1374, in getresponse
    response.begin()
  File "C:\Users\info\AppData\Local\Programs\Python\Python310\lib\http\client.py", line 318, in begin
    version, status, reason = self._read_status()
  File "C:\Users\info\AppData\Local\Programs\Python\Python310\lib\http\client.py", line 287, in _read_status
    raise RemoteDisconnected("Remote end closed connection without"
http.client.RemoteDisconnected: Remote end closed connection without response

The above exception was the direct cause of the following exception:

Traceback (most recent call last):
  File "D:\Documents\2023\7_UNICEF\major-dax-crba-etl\crba-etl\etl\run.py", line 47, in build_combined_normalized_csv
    extractor.build()
  File "D:\Documents\2023\7_UNICEF\major-dax-crba-etl\crba-etl\etl\source_adapter\abstract.py", line 100, in build
    raise ExtractionError(
etl.source_adapter.abstract.ExtractionError: Source X-114 failed to extract cause of: Remote end closed connection without response
2023-06-29 17:44:49,061 INFO build_combined_normalized_csv(50) Source X-119 extract with 195 rows::: DefaultCSVExtractor
2023-06-29 17:44:49,104 INFO build_combined_normalized_csv(50) Source X-120 extract with 195 rows::: DefaultCSVExtractor
2023-06-29 17:44:49,189 INFO build_combined_normalized_csv(50) Source X-121 extract with 195 rows::: HumanEnteredBlueprintIndicatorBuilder
2023-06-29 17:44:49,288 INFO build_combined_normalized_csv(50) Source X-123 extract with 195 rows::: HumanEnteredBlueprintIndicatorBuilder
2023-06-29 17:44:49,453 INFO build_combined_normalized_csv(50) Source X-124 extract with 195 rows::: UnTreaties
2023-06-29 17:44:49,684 INFO build_combined_normalized_csv(50) Source X-125 extract with 195 rows::: UnTreaties
2023-06-29 17:44:49,948 INFO build_combined_normalized_csv(50) Source X-126 extract with 195 rows::: UnTreaties
2023-06-29 17:44:50,106 INFO build_combined_normalized_csv(50) Source X-127 extract with 195 rows::: UnTreaties
2023-06-29 17:44:50,222 INFO build_combined_normalized_csv(50) Source X-128 extract with 195 rows::: UnTreaties
2023-06-29 17:44:50,278 INFO build_combined_normalized_csv(50) Source X-137 extract with 195 rows::: EITIIndicatorBuilder
2023-06-29 17:44:50,347 INFO build_combined_normalized_csv(50) Source X-140 extract with 195 rows::: S_157
2023-06-29 17:44:50,505 INFO build_combined_normalized_csv(50) Source X-141 extract with 941 rows::: DefaultCSVExtractor
2023-06-29 17:44:50,597 INFO build_combined_normalized_csv(50) Source X-143 extract with 196 rows::: DefaultJsonExtractor
2023-06-29 17:44:50,683 INFO build_combined_normalized_csv(50) Source X-144 extract with 195 rows::: DefaultJsonExtractor
2023-06-29 17:44:50,969 INFO build_combined_normalized_csv(50) Source X-145 extract with 195 rows::: UnTreaties
2023-06-29 17:44:54,738 INFO build_combined_normalized_csv(50) Source X-146 extract with 195 rows::: ILO_Extractor
2023-06-29 17:44:54,839 INFO build_combined_normalized_csv(50) Source X-147 extract with 195 rows::: HumanEnteredBlueprintIndicatorBuilder
2023-06-29 17:44:55,011 WARNING create_log_report_delete_duplicates(771) WARNING: There are 8 duplicate rows in the cleansed dataframe. Apart from soure S-166, this should not be the case. Check if you have mapped all columns (specifically the dimensions) and values. Now dropping duplicate rows and returning dataframe without duplicates.
2023-06-29 17:44:55,047 INFO build_combined_normalized_csv(50) Source X-149 extract with 195 rows::: DefaultJsonExtractor
2023-06-29 17:44:56,100 INFO build_combined_normalized_csv(50) Source X-151 extract with 195 rows::: ICRC_Treaties
2023-06-29 17:44:56,851 INFO build_combined_normalized_csv(50) Source X-152 extract with 195 rows::: ICRC_Treaties
2023-06-29 17:44:57,628 INFO build_combined_normalized_csv(50) Source X-153 extract with 195 rows::: ICRC_Treaties
2023-06-29 17:44:57,742 INFO build_combined_normalized_csv(50) Source X-154 extract with 195 rows::: UnTreaties
2023-06-29 17:44:57,830 INFO build_combined_normalized_csv(50) Source X-155 extract with 195 rows::: HumanEnteredBlueprintIndicatorBuilder
2023-06-29 17:44:58,070 INFO build_combined_normalized_csv(50) Source X-156 extract with 195 rows::: UnTreaties
2023-06-29 17:45:02,854 INFO build_combined_normalized_csv(50) Source X-157 extract with 195 rows::: ILO_Extractor
2023-06-29 17:45:02,952 INFO build_combined_normalized_csv(50) Source X-160 extract with 195 rows::: HumanEnteredBlueprintIndicatorBuilder
2023-06-29 17:45:03,040 INFO build_combined_normalized_csv(50) Source X-220 extract with 195 rows::: HumanEnteredBlueprintIndicatorBuilder
2023-06-29 17:45:04,430 INFO build_combined_normalized_csv(50) Source X-163 extract with 195 rows::: IDMC_Extractor
2023-06-29 17:45:04,574 INFO build_combined_normalized_csv(50) Source X-164 extract with 195 rows::: UnTreaties
2023-06-29 17:45:04,758 INFO build_combined_normalized_csv(50) Source X-165 extract with 419 rows::: DefaultJsonExtractor
2023-06-29 17:45:05,001 INFO build_combined_normalized_csv(50) Source X-166 extract with 511 rows::: DefaultJsonExtractor
2023-06-29 17:45:05,193 INFO build_combined_normalized_csv(50) Source X-167 extract with 399 rows::: UN_SDG_UN_POP
2023-06-29 17:45:05,303 INFO build_combined_normalized_csv(50) Source X-168 extract with 195 rows::: UN_SDG_UN_POP
2023-06-29 17:45:05,429 INFO build_combined_normalized_csv(50) Source X-169 extract with 195 rows::: UN_SDG_UN_POP
2023-06-29 17:45:05,705 INFO build_combined_normalized_csv(50) Source X-170 extract with 195 rows::: UN_SDG_UN_POP
2023-06-29 17:45:06,909 INFO build_combined_normalized_csv(50) Source X-171 extract with 195 rows::: IDMC_Extractor
2023-06-29 17:45:10,902 INFO build_combined_normalized_csv(50) Source X-172 extract with 195 rows::: Inform_Risk_Index_Data
2023-06-29 17:45:11,226 INFO build_combined_normalized_csv(50) Source X-173 extract with 195 rows::: UnTreaties
2023-06-29 17:45:11,347 INFO build_combined_normalized_csv(50) Source X-174 extract with 195 rows::: UnTreaties
2023-06-29 17:45:12,051 WARNING build_combined_normalized_csv(57) Source X-175 failed to extract cause of: Remote end closed connection without response
Traceback (most recent call last):
  File "D:\Documents\2023\7_UNICEF\major-dax-crba-etl\crba-etl\etl\source_adapter\abstract.py", line 90, in build
    self.download().transform()
  File "D:\Documents\2023\7_UNICEF\major-dax-crba-etl\crba-etl\etl\source_adapter\abstract.py", line 109, in download
    self.dataframe = self._download()
  File "D:\Documents\2023\7_UNICEF\major-dax-crba-etl\crba-etl\etl\source_adapter\crin.py", line 18, in _download
    self.dataframe = pd.read_excel(
  File "C:\Users\info\AppData\Local\pypoetry\Cache\virtualenvs\crba-project-X5cC0BGD-py3.10\lib\site-packages\pandas\util\_decorators.py", line 211, in wrapper
    return func(*args, **kwargs)
  File "C:\Users\info\AppData\Local\pypoetry\Cache\virtualenvs\crba-project-X5cC0BGD-py3.10\lib\site-packages\pandas\util\_decorators.py", line 331, in wrapper
    return func(*args, **kwargs)
  File "C:\Users\info\AppData\Local\pypoetry\Cache\virtualenvs\crba-project-X5cC0BGD-py3.10\lib\site-packages\pandas\io\excel\_base.py", line 482, in read_excel
    io = ExcelFile(io, storage_options=storage_options, engine=engine)
  File "C:\Users\info\AppData\Local\pypoetry\Cache\virtualenvs\crba-project-X5cC0BGD-py3.10\lib\site-packages\pandas\io\excel\_base.py", line 1695, in __init__
    self._reader = self._engines[engine](self._io, storage_options=storage_options)
  File "C:\Users\info\AppData\Local\pypoetry\Cache\virtualenvs\crba-project-X5cC0BGD-py3.10\lib\site-packages\pandas\io\excel\_xlrd.py", line 35, in __init__
    super().__init__(filepath_or_buffer, storage_options=storage_options)
  File "C:\Users\info\AppData\Local\pypoetry\Cache\virtualenvs\crba-project-X5cC0BGD-py3.10\lib\site-packages\pandas\io\excel\_base.py", line 535, in __init__
    self.handles = get_handle(
  File "C:\Users\info\AppData\Local\pypoetry\Cache\virtualenvs\crba-project-X5cC0BGD-py3.10\lib\site-packages\pandas\io\common.py", line 713, in get_handle
    ioargs = _get_filepath_or_buffer(
  File "C:\Users\info\AppData\Local\pypoetry\Cache\virtualenvs\crba-project-X5cC0BGD-py3.10\lib\site-packages\pandas\io\common.py", line 363, in _get_filepath_or_buffer
    with urlopen(req_info) as req:
  File "C:\Users\info\AppData\Local\pypoetry\Cache\virtualenvs\crba-project-X5cC0BGD-py3.10\lib\site-packages\pandas\io\common.py", line 265, in urlopen
    return urllib.request.urlopen(*args, **kwargs)
  File "C:\Users\info\AppData\Local\Programs\Python\Python310\lib\urllib\request.py", line 216, in urlopen
    return opener.open(url, data, timeout)
  File "C:\Users\info\AppData\Local\Programs\Python\Python310\lib\urllib\request.py", line 519, in open
    response = self._open(req, data)
  File "C:\Users\info\AppData\Local\Programs\Python\Python310\lib\urllib\request.py", line 536, in _open
    result = self._call_chain(self.handle_open, protocol, protocol +
  File "C:\Users\info\AppData\Local\Programs\Python\Python310\lib\urllib\request.py", line 496, in _call_chain
    result = func(*args)
  File "C:\Users\info\AppData\Local\Programs\Python\Python310\lib\urllib\request.py", line 1391, in https_open
    return self.do_open(http.client.HTTPSConnection, req,
  File "C:\Users\info\AppData\Local\Programs\Python\Python310\lib\urllib\request.py", line 1352, in do_open
    r = h.getresponse()
  File "C:\Users\info\AppData\Local\Programs\Python\Python310\lib\http\client.py", line 1374, in getresponse
    response.begin()
  File "C:\Users\info\AppData\Local\Programs\Python\Python310\lib\http\client.py", line 318, in begin
    version, status, reason = self._read_status()
  File "C:\Users\info\AppData\Local\Programs\Python\Python310\lib\http\client.py", line 287, in _read_status
    raise RemoteDisconnected("Remote end closed connection without"
http.client.RemoteDisconnected: Remote end closed connection without response

The above exception was the direct cause of the following exception:

Traceback (most recent call last):
  File "D:\Documents\2023\7_UNICEF\major-dax-crba-etl\crba-etl\etl\run.py", line 47, in build_combined_normalized_csv
    extractor.build()
  File "D:\Documents\2023\7_UNICEF\major-dax-crba-etl\crba-etl\etl\source_adapter\abstract.py", line 100, in build
    raise ExtractionError(
etl.source_adapter.abstract.ExtractionError: Source X-175 failed to extract cause of: Remote end closed connection without response
2023-06-29 17:45:12,203 INFO build_combined_normalized_csv(50) Source X-180 extract with 195 rows::: DefaultJsonExtractor
2023-06-29 17:45:12,276 INFO build_combined_normalized_csv(50) Source X-181 extract with 195 rows::: DefaultCSVExtractor
2023-06-29 17:45:13,750 INFO build_combined_normalized_csv(50) Source X-184 extract with 1267 rows::: DefaultJsonExtractor
2023-06-29 17:45:13,816 INFO build_combined_normalized_csv(50) Source X-186 extract with 579 rows::: DefaultCSVExtractor
2023-06-29 17:45:13,989 INFO build_combined_normalized_csv(50) Source X-187 extract with 363 rows::: DefaultCSVExtractor
2023-06-29 17:45:14,052 INFO build_combined_normalized_csv(50) Source X-188 extract with 579 rows::: DefaultCSVExtractor
2023-06-29 17:45:14,120 INFO build_combined_normalized_csv(50) Source X-189 extract with 579 rows::: DefaultCSVExtractor
2023-06-29 17:45:14,332 INFO build_combined_normalized_csv(50) Source X-193 extract with 715 rows::: DefaultJsonExtractor
2023-06-29 17:45:15,622 INFO build_combined_normalized_csv(50) Source X-194 extract with 4945 rows::: DefaultCSVExtractor
2023-06-29 17:45:15,714 INFO build_combined_normalized_csv(50) Source X-196 extract with 195 rows::: DefaultJsonExtractor
2023-06-29 17:45:15,807 INFO build_combined_normalized_csv(50) Source X-197 extract with 195 rows::: DefaultJsonExtractor
2023-06-29 17:45:15,946 INFO build_combined_normalized_csv(50) Source X-198 extract with 195 rows::: DefaultJsonExtractor
2023-06-29 17:45:16,132 INFO build_combined_normalized_csv(50) Source X-199 extract with 195 rows::: DefaultJsonExtractor
2023-06-29 17:45:17,027 INFO build_combined_normalized_csv(50) Source X-200 extract with 3187 rows::: DefaultCSVExtractor
2023-06-29 17:45:17,417 INFO build_combined_normalized_csv(50) Source X-201 extract with 443 rows::: DefaultJsonExtractor
2023-06-29 17:45:17,541 INFO build_combined_normalized_csv(50) Source X-202 extract with 195 rows::: DefaultJsonExtractor
2023-06-29 17:45:17,645 INFO build_combined_normalized_csv(50) Source X-203 extract with 196 rows::: DefaultJsonExtractor
2023-06-29 17:45:17,739 INFO build_combined_normalized_csv(50) Source X-204 extract with 196 rows::: DefaultJsonExtractor
2023-06-29 17:45:17,888 INFO build_combined_normalized_csv(50) Source X-205 extract with 195 rows::: DefaultJsonExtractor
2023-06-29 17:45:18,065 INFO build_combined_normalized_csv(50) Source X-206 extract with 455 rows::: DefaultJsonExtractor
2023-06-29 17:45:18,171 INFO build_combined_normalized_csv(50) Source X-207 extract with 195 rows::: HumanEnteredBlueprintIndicatorBuilder
2023-06-29 17:45:19,468 INFO build_combined_normalized_csv(50) Source X-209 extract with 195 rows::: IDMC_Extractor
2023-06-29 17:45:19,585 INFO build_combined_normalized_csv(50) Source X-213 extract with 195 rows::: HumanEnteredBlueprintIndicatorBuilder
2023-06-29 17:45:19,668 INFO build_combined_normalized_csv(50) Source X-215 extract with 195 rows::: HumanEnteredBlueprintIndicatorBuilder
2023-06-29 17:45:19,761 INFO build_combined_normalized_csv(50) Source X-216 extract with 195 rows::: HumanEnteredBlueprintIndicatorBuilder
2023-06-29 17:45:19,865 INFO build_combined_normalized_csv(50) Source X-217 extract with 195 rows::: HumanEnteredBlueprintIndicatorBuilder
2023-06-29 17:45:20,083 INFO build_combined_normalized_csv(50) Source X-218 extract with 195 rows::: DefaultJsonExtractor
2023-06-29 17:45:20,151 INFO build_combined_normalized_csv(50) Source X-8 extract with 195 rows::: WPA_Extractor
2023-06-29 17:45:20,191 INFO build_combined_normalized_csv(50) Source X-9 extract with 195 rows::: WPA_Extractor
2023-06-29 17:45:20,283 INFO build_combined_normalized_csv(50) Source X-10 extract with 195 rows::: WPA_Extractor
2023-06-29 17:45:20,366 INFO build_combined_normalized_csv(50) Source X-13 extract with 195 rows::: WPA_Extractor
2023-06-29 17:45:20,438 INFO build_combined_normalized_csv(50) Source X-29 extract with 195 rows::: WPA_Extractor
2023-06-29 17:45:20,519 INFO build_combined_normalized_csv(50) Source X-33 extract with 195 rows::: WPA_Extractor
2023-06-29 17:45:20,599 INFO build_combined_normalized_csv(50) Source X-34 extract with 195 rows::: WPA_Extractor
2023-06-29 17:45:20,748 INFO build_combined_normalized_csv(50) Source X-35 extract with 195 rows::: WPA_Extractor
2023-06-29 17:45:20,837 INFO build_combined_normalized_csv(50) Source X-36 extract with 195 rows::: WPA_Extractor
2023-06-29 17:45:20,949 INFO build_combined_normalized_csv(50) Source X-37 extract with 195 rows::: WPA_Extractor
2023-06-29 17:45:21,013 INFO build_combined_normalized_csv(50) Source X-38 extract with 195 rows::: WPA_Extractor
2023-06-29 17:45:21,099 INFO build_combined_normalized_csv(50) Source X-40 extract with 195 rows::: WPA_Extractor
2023-06-29 17:45:21,284 INFO build_combined_normalized_csv(50) Source X-51 extract with 195 rows::: Global_Slavery_Index
2023-06-29 17:45:21,335 INFO build_combined_normalized_csv(50) Source X-54 extract with 195 rows::: WPA_Extractor
2023-06-29 17:45:21,442 INFO build_combined_normalized_csv(50) Source X-55 extract with 195 rows::: WPA_Extractor
2023-06-29 17:45:21,554 INFO build_combined_normalized_csv(50) Source X-56 extract with 195 rows::: WPA_Extractor
2023-06-29 17:45:21,615 INFO build_combined_normalized_csv(50) Source X-57 extract with 195 rows::: WPA_Extractor
2023-06-29 17:45:21,694 INFO build_combined_normalized_csv(50) Source X-58 extract with 195 rows::: WPA_Extractor
2023-06-29 17:45:21,764 INFO build_combined_normalized_csv(50) Source X-59 extract with 195 rows::: WPA_Extractor
2023-06-29 17:45:21,846 INFO build_combined_normalized_csv(50) Source X-73 extract with 195 rows::: HumanEnteredBlueprintIndicatorBuilder
2023-06-29 17:45:21,931 INFO build_combined_normalized_csv(50) Source X-75 extract with 195 rows::: FCTC_Data
2023-06-29 17:45:22,007 INFO build_combined_normalized_csv(50) Source X-94 extract with 195 rows::: HumanEnteredBlueprintIndicatorBuilder
2023-06-29 17:45:22,107 INFO build_combined_normalized_csv(50) Source X-95 extract with 195 rows::: HumanEnteredBlueprintIndicatorBuilder
2023-06-29 17:45:22,205 INFO build_combined_normalized_csv(50) Source X-96 extract with 195 rows::: HumanEnteredBlueprintIndicatorBuilder
2023-06-29 17:45:22,306 INFO build_combined_normalized_csv(50) Source X-105 extract with 195 rows::: KidsRightsIndex
2023-06-29 17:45:22,378 INFO build_combined_normalized_csv(50) Source X-106 extract with 195 rows::: KidsRightsIndex
2023-06-29 17:45:22,468 INFO build_combined_normalized_csv(50) Source X-107 extract with 195 rows::: KidsRightsIndex
2023-06-29 17:45:22,518 INFO build_combined_normalized_csv(50) Source X-118 extract with 195 rows::: DefaultCSVExtractor
2023-06-29 17:45:22,606 INFO build_combined_normalized_csv(50) Source X-129 extract with 195 rows::: HumanEnteredBlueprintIndicatorBuilder
2023-06-29 17:45:22,704 INFO build_combined_normalized_csv(50) Source X-131 extract with 195 rows::: HumanEnteredBlueprintIndicatorBuilder
2023-06-29 17:45:22,852 INFO build_combined_normalized_csv(50) Source X-132 extract with 195 rows::: HumanEnteredBlueprintIndicatorBuilder
2023-06-29 17:45:22,937 INFO build_combined_normalized_csv(50) Source X-133 extract with 195 rows::: HumanEnteredBlueprintIndicatorBuilder
2023-06-29 17:45:23,030 INFO build_combined_normalized_csv(50) Source X-134 extract with 195 rows::: HumanEnteredBlueprintIndicatorBuilder
2023-06-29 17:45:23,112 INFO build_combined_normalized_csv(50) Source X-135 extract with 195 rows::: HumanEnteredBlueprintIndicatorBuilder
2023-06-29 17:45:23,183 INFO build_combined_normalized_csv(50) Source X-142 extract with 195 rows::: Climate_Watch_Data_S_159
2023-06-29 17:45:23,262 INFO build_combined_normalized_csv(50) Source X-148 extract with 195 rows::: HumanEnteredBlueprintIndicatorBuilder
2023-06-29 17:45:23,352 INFO build_combined_normalized_csv(50) Source X-150 extract with 195 rows::: Landmark_Data
2023-06-29 17:45:23,415 INFO build_combined_normalized_csv(50) Source X-176 extract with 195 rows::: KidsRightsIndex
2023-06-29 17:45:23,491 INFO build_combined_normalized_csv(50) Source X-177 extract with 195 rows::: KidsRightsIndex
2023-06-29 17:45:23,560 INFO build_combined_normalized_csv(50) Source X-178 extract with 195 rows::: KidsRightsIndex
2023-06-29 17:45:23,632 INFO build_combined_normalized_csv(50) Source X-179 extract with 195 rows::: KidsRightsIndex
2023-06-29 17:45:23,684 INFO build_combined_normalized_csv(50) Source X-210 extract with 195 rows::: WPA_Extractor
2023-06-29 17:45:23,734 INFO build_combined_normalized_csv(50) Source X-211 extract with 195 rows::: WPA_Extractor
2023-06-29 17:45:23,819 INFO build_combined_normalized_csv(50) Source X-212 extract with 195 rows::: HumanEnteredBlueprintIndicatorBuilder
2023-06-29 17:45:23,899 INFO build_combined_normalized_csv(50) Source X-214 extract with 195 rows::: HumanEnteredBlueprintIndicatorBuilder
2023-06-29 17:45:23,997 INFO build_combined_normalized_csv(50) Source X-100 extract with 195 rows::: HumanEnteredBlueprintIndicatorBuilder
2023-06-29 17:45:24,083 INFO build_combined_normalized_csv(50) Source X-122 extract with 195 rows::: HumanEnteredBlueprintIndicatorBuilder
2023-06-29 17:45:24,183 INFO build_combined_normalized_csv(50) Source X-12 extract with 195 rows::: HumanEnteredBlueprintIndicatorBuilder
2023-06-29 17:45:24,302 INFO build_combined_normalized_csv(50) Source X-41 extract with 739 rows::: DefaultCSVExtractor
2023-06-29 17:45:24,384 INFO build_combined_normalized_csv(50) Source X-42 extract with 312 rows::: DefaultCSVExtractor
2023-06-29 17:45:24,460 INFO build_combined_normalized_csv(50) Source X-44 extract with 195 rows::: DefaultCSVExtractor
2023-06-29 17:45:24,507 INFO build_combined_normalized_csv(50) Source X-185 extract with 195 rows::: DefaultCSVExtractor
2023-06-29 17:45:24,554 INFO build_combined_normalized_csv(50) Source X-190 extract with 195 rows::: DefaultCSVExtractor
2023-06-29 17:45:24,671 INFO build_combined_normalized_csv(50) Source X-97 extract with 195 rows::: HumanEnteredBlueprintIndicatorBuilder
2023-06-29 17:45:24,823 INFO build_combined_normalized_csv(50) Source X-101 extract with 195 rows::: HumanEnteredBlueprintIndicatorBuilder
2023-06-29 17:45:24,927 INFO build_combined_normalized_csv(50) Source X-136 extract with 195 rows::: HumanEnteredBlueprintIndicatorBuilder
2023-06-29 17:45:26,538 INFO build_combined_normalized_csv(50) Source X-138 extract with 195 rows::: NRGI
2023-06-29 17:45:27,912 INFO build_combined_normalized_csv(50) Source X-139 extract with 195 rows::: NRGI
2023-06-29 17:45:28,010 INFO build_combined_normalized_csv(50) Source X-222 extract with 195 rows::: HumanEnteredBlueprintIndicatorBuilder
2023-06-29 17:45:28,097 INFO build_combined_normalized_csv(50) Source X-219 extract with 195 rows::: HumanEnteredBlueprintIndicatorBuilder
2023-06-29 17:45:30,067 INFO build_combined_normalized_csv(50) Source X-162 extract with 195 rows::: IDMC_Extractor
2023-06-29 17:46:13,939 INFO aggregate_combined_normalized_csv(85) Read Source for Report X-1
2023-06-29 17:46:13,960 INFO aggregate_combined_normalized_csv(85) Read Source for Report X-2
2023-06-29 17:46:13,972 INFO aggregate_combined_normalized_csv(85) Read Source for Report X-3
2023-06-29 17:46:13,995 INFO aggregate_combined_normalized_csv(85) Read Source for Report X-4
2023-06-29 17:46:14,016 INFO aggregate_combined_normalized_csv(85) Read Source for Report X-5
2023-06-29 17:46:14,033 INFO aggregate_combined_normalized_csv(85) Read Source for Report X-6
2023-06-29 17:46:14,052 INFO aggregate_combined_normalized_csv(85) Read Source for Report X-7
2023-06-29 17:46:14,070 INFO aggregate_combined_normalized_csv(85) Read Source for Report X-15
2023-06-29 17:46:14,100 INFO aggregate_combined_normalized_csv(85) Read Source for Report X-16
2023-06-29 17:46:14,129 INFO aggregate_combined_normalized_csv(85) Read Source for Report X-17
2023-06-29 17:46:14,154 INFO aggregate_combined_normalized_csv(85) Read Source for Report X-18
2023-06-29 17:46:14,179 INFO aggregate_combined_normalized_csv(85) Read Source for Report X-19
2023-06-29 17:46:14,204 INFO aggregate_combined_normalized_csv(85) Read Source for Report X-20
2023-06-29 17:46:14,225 INFO aggregate_combined_normalized_csv(85) Read Source for Report X-21
2023-06-29 17:46:14,248 INFO aggregate_combined_normalized_csv(85) Read Source for Report X-22
2023-06-29 17:46:14,268 INFO aggregate_combined_normalized_csv(85) Read Source for Report X-23
2023-06-29 17:46:14,284 INFO aggregate_combined_normalized_csv(85) Read Source for Report X-24
2023-06-29 17:46:14,306 INFO aggregate_combined_normalized_csv(85) Read Source for Report X-25
2023-06-29 17:46:14,332 INFO aggregate_combined_normalized_csv(85) Read Source for Report X-26
2023-06-29 17:46:14,350 INFO aggregate_combined_normalized_csv(85) Read Source for Report X-27
2023-06-29 17:46:14,370 INFO aggregate_combined_normalized_csv(85) Read Source for Report X-28
2023-06-29 17:46:14,391 INFO aggregate_combined_normalized_csv(85) Read Source for Report X-43
2023-06-29 17:46:14,422 INFO aggregate_combined_normalized_csv(85) Read Source for Report X-221
2023-06-29 17:46:14,438 INFO aggregate_combined_normalized_csv(85) Read Source for Report X-46
2023-06-29 17:46:14,458 INFO aggregate_combined_normalized_csv(85) Read Source for Report X-47
2023-06-29 17:46:14,479 INFO aggregate_combined_normalized_csv(85) Read Source for Report X-48
2023-06-29 17:46:14,500 INFO aggregate_combined_normalized_csv(85) Read Source for Report X-49
2023-06-29 17:46:14,519 INFO aggregate_combined_normalized_csv(85) Read Source for Report X-50
2023-06-29 17:46:14,542 INFO aggregate_combined_normalized_csv(85) Read Source for Report X-52
2023-06-29 17:46:14,564 INFO aggregate_combined_normalized_csv(85) Read Source for Report X-53
2023-06-29 17:46:14,590 INFO aggregate_combined_normalized_csv(85) Read Source for Report X-62
2023-06-29 17:46:14,607 INFO aggregate_combined_normalized_csv(85) Read Source for Report X-63
2023-06-29 17:46:14,625 INFO aggregate_combined_normalized_csv(85) Read Source for Report X-65
2023-06-29 17:46:14,648 INFO aggregate_combined_normalized_csv(85) Read Source for Report X-66
2023-06-29 17:46:14,669 INFO aggregate_combined_normalized_csv(85) Read Source for Report X-67
2023-06-29 17:46:14,687 INFO aggregate_combined_normalized_csv(85) Read Source for Report X-68
2023-06-29 17:46:14,708 INFO aggregate_combined_normalized_csv(85) Read Source for Report X-69
2023-06-29 17:46:14,725 INFO aggregate_combined_normalized_csv(85) Read Source for Report X-70
2023-06-29 17:46:14,746 INFO aggregate_combined_normalized_csv(85) Read Source for Report X-71
2023-06-29 17:46:14,770 INFO aggregate_combined_normalized_csv(85) Read Source for Report X-72
2023-06-29 17:46:14,790 INFO aggregate_combined_normalized_csv(85) Read Source for Report X-74
2023-06-29 17:46:14,809 INFO aggregate_combined_normalized_csv(85) Read Source for Report X-76
2023-06-29 17:46:14,829 INFO aggregate_combined_normalized_csv(85) Read Source for Report X-77
2023-06-29 17:46:14,858 INFO aggregate_combined_normalized_csv(85) Read Source for Report X-78
2023-06-29 17:46:14,887 INFO aggregate_combined_normalized_csv(85) Read Source for Report X-79
2023-06-29 17:46:14,913 INFO aggregate_combined_normalized_csv(85) Read Source for Report X-80
2023-06-29 17:46:14,933 INFO aggregate_combined_normalized_csv(85) Read Source for Report X-81
2023-06-29 17:46:14,952 INFO aggregate_combined_normalized_csv(85) Read Source for Report X-82
2023-06-29 17:46:14,972 INFO aggregate_combined_normalized_csv(85) Read Source for Report X-83
2023-06-29 17:46:14,990 INFO aggregate_combined_normalized_csv(85) Read Source for Report X-84
2023-06-29 17:46:15,007 INFO aggregate_combined_normalized_csv(85) Read Source for Report X-85
2023-06-29 17:46:15,036 INFO aggregate_combined_normalized_csv(85) Read Source for Report X-86
2023-06-29 17:46:15,054 INFO aggregate_combined_normalized_csv(85) Read Source for Report X-87
2023-06-29 17:46:15,072 INFO aggregate_combined_normalized_csv(85) Read Source for Report X-88
2023-06-29 17:46:15,092 INFO aggregate_combined_normalized_csv(85) Read Source for Report X-89
2023-06-29 17:46:15,111 INFO aggregate_combined_normalized_csv(85) Read Source for Report X-90
2023-06-29 17:46:15,129 INFO aggregate_combined_normalized_csv(85) Read Source for Report X-91
2023-06-29 17:46:15,151 INFO aggregate_combined_normalized_csv(85) Read Source for Report X-92
2023-06-29 17:46:15,169 INFO aggregate_combined_normalized_csv(85) Read Source for Report X-93
2023-06-29 17:46:15,186 INFO aggregate_combined_normalized_csv(85) Read Source for Report X-98
2023-06-29 17:46:15,204 INFO aggregate_combined_normalized_csv(85) Read Source for Report X-99
2023-06-29 17:46:15,221 INFO aggregate_combined_normalized_csv(85) Read Source for Report X-102
2023-06-29 17:46:15,240 INFO aggregate_combined_normalized_csv(85) Read Source for Report X-103
2023-06-29 17:46:15,267 INFO aggregate_combined_normalized_csv(85) Read Source for Report X-108
2023-06-29 17:46:15,284 INFO aggregate_combined_normalized_csv(85) Read Source for Report X-109
2023-06-29 17:46:15,303 INFO aggregate_combined_normalized_csv(85) Read Source for Report X-110
2023-06-29 17:46:15,319 INFO aggregate_combined_normalized_csv(85) Read Source for Report X-111
2023-06-29 17:46:15,337 INFO aggregate_combined_normalized_csv(85) Read Source for Report X-112
2023-06-29 17:46:15,355 INFO aggregate_combined_normalized_csv(85) Read Source for Report X-113
2023-06-29 17:46:15,373 INFO aggregate_combined_normalized_csv(85) Read Source for Report X-114
2023-06-29 17:46:15,389 INFO aggregate_combined_normalized_csv(85) Read Source for Report X-119
2023-06-29 17:46:15,406 INFO aggregate_combined_normalized_csv(85) Read Source for Report X-120
2023-06-29 17:46:15,423 INFO aggregate_combined_normalized_csv(85) Read Source for Report X-121
2023-06-29 17:46:15,440 INFO aggregate_combined_normalized_csv(85) Read Source for Report X-123
2023-06-29 17:46:15,456 INFO aggregate_combined_normalized_csv(85) Read Source for Report X-124
2023-06-29 17:46:15,473 INFO aggregate_combined_normalized_csv(85) Read Source for Report X-125
2023-06-29 17:46:15,495 INFO aggregate_combined_normalized_csv(85) Read Source for Report X-126
2023-06-29 17:46:15,518 INFO aggregate_combined_normalized_csv(85) Read Source for Report X-127
2023-06-29 17:46:15,536 INFO aggregate_combined_normalized_csv(85) Read Source for Report X-128
2023-06-29 17:46:15,556 INFO aggregate_combined_normalized_csv(85) Read Source for Report X-137
2023-06-29 17:46:15,576 INFO aggregate_combined_normalized_csv(85) Read Source for Report X-140
2023-06-29 17:46:15,594 INFO aggregate_combined_normalized_csv(85) Read Source for Report X-141
2023-06-29 17:46:15,621 INFO aggregate_combined_normalized_csv(85) Read Source for Report X-143
2023-06-29 17:46:15,640 INFO aggregate_combined_normalized_csv(85) Read Source for Report X-144
2023-06-29 17:46:15,663 INFO aggregate_combined_normalized_csv(85) Read Source for Report X-145
2023-06-29 17:46:15,681 INFO aggregate_combined_normalized_csv(85) Read Source for Report X-146
2023-06-29 17:46:15,705 INFO aggregate_combined_normalized_csv(85) Read Source for Report X-147
2023-06-29 17:46:15,724 INFO aggregate_combined_normalized_csv(85) Read Source for Report X-149
2023-06-29 17:46:15,738 INFO aggregate_combined_normalized_csv(85) Read Source for Report X-151
2023-06-29 17:46:15,751 INFO aggregate_combined_normalized_csv(85) Read Source for Report X-152
2023-06-29 17:46:15,768 INFO aggregate_combined_normalized_csv(85) Read Source for Report X-153
2023-06-29 17:46:15,788 INFO aggregate_combined_normalized_csv(85) Read Source for Report X-154
2023-06-29 17:46:15,808 INFO aggregate_combined_normalized_csv(85) Read Source for Report X-155
2023-06-29 17:46:15,826 INFO aggregate_combined_normalized_csv(85) Read Source for Report X-156
2023-06-29 17:46:15,846 INFO aggregate_combined_normalized_csv(85) Read Source for Report X-157
2023-06-29 17:46:15,877 INFO aggregate_combined_normalized_csv(85) Read Source for Report X-160
2023-06-29 17:46:15,897 INFO aggregate_combined_normalized_csv(85) Read Source for Report X-220
2023-06-29 17:46:15,919 INFO aggregate_combined_normalized_csv(85) Read Source for Report X-163
2023-06-29 17:46:15,937 INFO aggregate_combined_normalized_csv(85) Read Source for Report X-164
2023-06-29 17:46:15,957 INFO aggregate_combined_normalized_csv(85) Read Source for Report X-165
2023-06-29 17:46:15,982 INFO aggregate_combined_normalized_csv(85) Read Source for Report X-166
2023-06-29 17:46:16,007 INFO aggregate_combined_normalized_csv(85) Read Source for Report X-167
2023-06-29 17:46:16,037 INFO aggregate_combined_normalized_csv(85) Read Source for Report X-168
2023-06-29 17:46:16,059 INFO aggregate_combined_normalized_csv(85) Read Source for Report X-169
2023-06-29 17:46:16,080 INFO aggregate_combined_normalized_csv(85) Read Source for Report X-170
2023-06-29 17:46:16,101 INFO aggregate_combined_normalized_csv(85) Read Source for Report X-171
2023-06-29 17:46:16,119 INFO aggregate_combined_normalized_csv(85) Read Source for Report X-172
2023-06-29 17:46:16,136 INFO aggregate_combined_normalized_csv(85) Read Source for Report X-173
2023-06-29 17:46:16,158 INFO aggregate_combined_normalized_csv(85) Read Source for Report X-174
2023-06-29 17:46:16,177 INFO aggregate_combined_normalized_csv(85) Read Source for Report X-175
2023-06-29 17:46:16,194 INFO aggregate_combined_normalized_csv(85) Read Source for Report X-180
2023-06-29 17:46:16,215 INFO aggregate_combined_normalized_csv(85) Read Source for Report X-181
2023-06-29 17:46:16,232 INFO aggregate_combined_normalized_csv(85) Read Source for Report X-184
2023-06-29 17:46:16,268 INFO aggregate_combined_normalized_csv(85) Read Source for Report X-186
2023-06-29 17:46:16,294 INFO aggregate_combined_normalized_csv(85) Read Source for Report X-187
2023-06-29 17:46:16,318 INFO aggregate_combined_normalized_csv(85) Read Source for Report X-188
2023-06-29 17:46:16,343 INFO aggregate_combined_normalized_csv(85) Read Source for Report X-189
2023-06-29 17:46:16,367 INFO aggregate_combined_normalized_csv(85) Read Source for Report X-193
2023-06-29 17:46:16,402 INFO aggregate_combined_normalized_csv(85) Read Source for Report X-194
2023-06-29 17:46:16,474 INFO aggregate_combined_normalized_csv(85) Read Source for Report X-196
2023-06-29 17:46:16,495 INFO aggregate_combined_normalized_csv(85) Read Source for Report X-197
2023-06-29 17:46:16,517 INFO aggregate_combined_normalized_csv(85) Read Source for Report X-198
2023-06-29 17:46:16,536 INFO aggregate_combined_normalized_csv(85) Read Source for Report X-199
2023-06-29 17:46:16,553 INFO aggregate_combined_normalized_csv(85) Read Source for Report X-200
2023-06-29 17:46:16,592 INFO aggregate_combined_normalized_csv(85) Read Source for Report X-201
2023-06-29 17:46:16,619 INFO aggregate_combined_normalized_csv(85) Read Source for Report X-202
2023-06-29 17:46:16,636 INFO aggregate_combined_normalized_csv(85) Read Source for Report X-203
2023-06-29 17:46:16,654 INFO aggregate_combined_normalized_csv(85) Read Source for Report X-204
2023-06-29 17:46:16,676 INFO aggregate_combined_normalized_csv(85) Read Source for Report X-205
2023-06-29 17:46:16,696 INFO aggregate_combined_normalized_csv(85) Read Source for Report X-206
2023-06-29 17:46:16,724 INFO aggregate_combined_normalized_csv(85) Read Source for Report X-207
2023-06-29 17:46:16,743 INFO aggregate_combined_normalized_csv(85) Read Source for Report X-209
2023-06-29 17:46:16,761 INFO aggregate_combined_normalized_csv(85) Read Source for Report X-213
2023-06-29 17:46:16,780 INFO aggregate_combined_normalized_csv(85) Read Source for Report X-215
2023-06-29 17:46:16,799 INFO aggregate_combined_normalized_csv(85) Read Source for Report X-216
2023-06-29 17:46:16,821 INFO aggregate_combined_normalized_csv(85) Read Source for Report X-217
2023-06-29 17:46:16,840 INFO aggregate_combined_normalized_csv(85) Read Source for Report X-218
2023-06-29 17:46:16,857 INFO aggregate_combined_normalized_csv(85) Read Source for Report X-8
2023-06-29 17:46:16,880 INFO aggregate_combined_normalized_csv(85) Read Source for Report X-9
2023-06-29 17:46:16,898 INFO aggregate_combined_normalized_csv(85) Read Source for Report X-10
2023-06-29 17:46:16,918 INFO aggregate_combined_normalized_csv(85) Read Source for Report X-13
2023-06-29 17:46:16,937 INFO aggregate_combined_normalized_csv(85) Read Source for Report X-29
2023-06-29 17:46:16,955 INFO aggregate_combined_normalized_csv(85) Read Source for Report X-33
2023-06-29 17:46:16,972 INFO aggregate_combined_normalized_csv(85) Read Source for Report X-34
2023-06-29 17:46:17,001 INFO aggregate_combined_normalized_csv(85) Read Source for Report X-35
2023-06-29 17:46:17,017 INFO aggregate_combined_normalized_csv(85) Read Source for Report X-36
2023-06-29 17:46:17,038 INFO aggregate_combined_normalized_csv(85) Read Source for Report X-37
2023-06-29 17:46:17,057 INFO aggregate_combined_normalized_csv(85) Read Source for Report X-38
2023-06-29 17:46:17,079 INFO aggregate_combined_normalized_csv(85) Read Source for Report X-40
2023-06-29 17:46:17,097 INFO aggregate_combined_normalized_csv(85) Read Source for Report X-51
2023-06-29 17:46:17,116 INFO aggregate_combined_normalized_csv(85) Read Source for Report X-54
2023-06-29 17:46:17,133 INFO aggregate_combined_normalized_csv(85) Read Source for Report X-55
2023-06-29 17:46:17,143 INFO aggregate_combined_normalized_csv(85) Read Source for Report X-56
2023-06-29 17:46:17,156 INFO aggregate_combined_normalized_csv(85) Read Source for Report X-57
2023-06-29 17:46:17,173 INFO aggregate_combined_normalized_csv(85) Read Source for Report X-58
2023-06-29 17:46:17,189 INFO aggregate_combined_normalized_csv(85) Read Source for Report X-59
2023-06-29 17:46:17,208 INFO aggregate_combined_normalized_csv(85) Read Source for Report X-73
2023-06-29 17:46:17,228 INFO aggregate_combined_normalized_csv(85) Read Source for Report X-75
2023-06-29 17:46:17,244 INFO aggregate_combined_normalized_csv(85) Read Source for Report X-94
2023-06-29 17:46:17,266 INFO aggregate_combined_normalized_csv(85) Read Source for Report X-95
2023-06-29 17:46:17,285 INFO aggregate_combined_normalized_csv(85) Read Source for Report X-96
2023-06-29 17:46:17,302 INFO aggregate_combined_normalized_csv(85) Read Source for Report X-105
2023-06-29 17:46:17,319 INFO aggregate_combined_normalized_csv(85) Read Source for Report X-106
2023-06-29 17:46:17,336 INFO aggregate_combined_normalized_csv(85) Read Source for Report X-107
2023-06-29 17:46:17,355 INFO aggregate_combined_normalized_csv(85) Read Source for Report X-118
2023-06-29 17:46:17,372 INFO aggregate_combined_normalized_csv(85) Read Source for Report X-129
2023-06-29 17:46:17,393 INFO aggregate_combined_normalized_csv(85) Read Source for Report X-131
2023-06-29 17:46:17,411 INFO aggregate_combined_normalized_csv(85) Read Source for Report X-132
2023-06-29 17:46:17,432 INFO aggregate_combined_normalized_csv(85) Read Source for Report X-133
2023-06-29 17:46:17,454 INFO aggregate_combined_normalized_csv(85) Read Source for Report X-134
2023-06-29 17:46:17,481 INFO aggregate_combined_normalized_csv(85) Read Source for Report X-135
2023-06-29 17:46:17,501 INFO aggregate_combined_normalized_csv(85) Read Source for Report X-142
2023-06-29 17:46:17,521 INFO aggregate_combined_normalized_csv(85) Read Source for Report X-148
2023-06-29 17:46:17,541 INFO aggregate_combined_normalized_csv(85) Read Source for Report X-150
2023-06-29 17:46:17,557 INFO aggregate_combined_normalized_csv(85) Read Source for Report X-176
2023-06-29 17:46:17,577 INFO aggregate_combined_normalized_csv(85) Read Source for Report X-177
2023-06-29 17:46:17,595 INFO aggregate_combined_normalized_csv(85) Read Source for Report X-178
2023-06-29 17:46:17,613 INFO aggregate_combined_normalized_csv(85) Read Source for Report X-179
2023-06-29 17:46:17,632 INFO aggregate_combined_normalized_csv(85) Read Source for Report X-210
2023-06-29 17:46:17,651 INFO aggregate_combined_normalized_csv(85) Read Source for Report X-211
2023-06-29 17:46:17,670 INFO aggregate_combined_normalized_csv(85) Read Source for Report X-212
2023-06-29 17:46:17,693 INFO aggregate_combined_normalized_csv(85) Read Source for Report X-214
2023-06-29 17:46:17,711 INFO aggregate_combined_normalized_csv(85) Read Source for Report X-100
2023-06-29 17:46:17,729 INFO aggregate_combined_normalized_csv(85) Read Source for Report X-122
2023-06-29 17:46:17,749 INFO aggregate_combined_normalized_csv(85) Read Source for Report X-12
2023-06-29 17:46:17,767 INFO aggregate_combined_normalized_csv(85) Read Source for Report X-41
2023-06-29 17:46:17,792 INFO aggregate_combined_normalized_csv(85) Read Source for Report X-42
2023-06-29 17:46:17,815 INFO aggregate_combined_normalized_csv(85) Read Source for Report X-44
2023-06-29 17:46:17,832 INFO aggregate_combined_normalized_csv(85) Read Source for Report X-185
2023-06-29 17:46:17,851 INFO aggregate_combined_normalized_csv(85) Read Source for Report X-190
2023-06-29 17:46:17,865 INFO aggregate_combined_normalized_csv(85) Read Source for Report X-97
2023-06-29 17:46:17,881 INFO aggregate_combined_normalized_csv(85) Read Source for Report X-101
2023-06-29 17:46:17,896 INFO aggregate_combined_normalized_csv(85) Read Source for Report X-136
2023-06-29 17:46:17,907 INFO aggregate_combined_normalized_csv(85) Read Source for Report X-138
2023-06-29 17:46:17,924 INFO aggregate_combined_normalized_csv(85) Read Source for Report X-139
2023-06-29 17:46:17,941 INFO aggregate_combined_normalized_csv(85) Read Source for Report X-222
2023-06-29 17:46:17,960 INFO aggregate_combined_normalized_csv(85) Read Source for Report X-219
2023-06-29 17:46:17,980 INFO aggregate_combined_normalized_csv(85) Read Source for Report X-162
2023-06-29 17:46:18,824 INFO aggregate_combined_normalized_csv(111) This is the number of duplicate rows:0
